[2024-11-08T19:43:16.879+0300] Using G1
[2024-11-08T19:43:19.377+0300] GC(0) Pause Young (Normal) (G1 Evacuation Pause) 23M->4M(248M) 2,315ms
[2024-11-08T19:43:23.414+0300] GC(1) Pause Young (Normal) (G1 Evacuation Pause) 83M->24M(248M) 5,838ms
[2024-11-08T19:43:23.799+0300] GC(2) Pause Young (Normal) (G1 Evacuation Pause) 94M->34M(248M) 4,213ms
[2024-11-08T19:43:24.169+0300] GC(3) Pause Young (Normal) (G1 Evacuation Pause) 158M->34M(248M) 2,392ms
[2024-11-08T19:43:24.631+0300] GC(4) Pause Young (Normal) (G1 Evacuation Pause) 176M->37M(248M) 2,439ms
[2024-11-08T19:43:25.152+0300] GC(5) Pause Young (Normal) (G1 Evacuation Pause) 183M->38M(248M) 2,747ms
[2024-11-08T19:43:25.558+0300] GC(6) Pause Young (Normal) (G1 Evacuation Pause) 178M->36M(248M) 1,440ms
[2024-11-08T19:43:26.076+0300] GC(7) Pause Young (Normal) (G1 Evacuation Pause) 186M->36M(248M) 1,749ms
[2024-11-08T19:43:26.546+0300] GC(8) Pause Young (Normal) (G1 Evacuation Pause) 186M->39M(248M) 1,542ms
[2024-11-08T19:43:26.959+0300] GC(9) Pause Young (Normal) (G1 Evacuation Pause) 179M->36M(248M) 1,789ms
[2024-11-08T19:43:27.451+0300] GC(10) Pause Young (Normal) (G1 Evacuation Pause) 185M->36M(248M) 1,136ms
[2024-11-08T19:43:27.847+0300] GC(11) Pause Young (Normal) (G1 Evacuation Pause) 180M->37M(248M) 1,390ms
[2024-11-08T19:43:28.337+0300] GC(12) Pause Young (Normal) (G1 Evacuation Pause) 185M->35M(248M) 1,140ms
[2024-11-08T19:43:28.741+0300] GC(13) Pause Young (Normal) (G1 Evacuation Pause) 179M->38M(248M) 1,612ms
[2024-11-08T19:43:29.248+0300] GC(14) Pause Young (Normal) (G1 Evacuation Pause) 185M->35M(248M) 1,230ms
[2024-11-08T19:43:29.758+0300] GC(15) Pause Young (Normal) (G1 Evacuation Pause) 185M->38M(248M) 1,570ms
[2024-11-08T19:43:30.160+0300] GC(16) Pause Young (Normal) (G1 Evacuation Pause) 180M->35M(248M) 1,297ms
[2024-11-08T19:43:30.689+0300] GC(17) Pause Young (Normal) (G1 Evacuation Pause) 185M->39M(248M) 1,456ms
[2024-11-08T19:43:31.085+0300] GC(18) Pause Young (Normal) (G1 Evacuation Pause) 179M->36M(248M) 1,477ms
[2024-11-08T19:43:31.603+0300] GC(19) Pause Young (Normal) (G1 Evacuation Pause) 186M->38M(248M) 1,595ms
[2024-11-08T19:43:32.113+0300] GC(20) Pause Young (Normal) (G1 Evacuation Pause) 186M->35M(248M) 1,273ms
[2024-11-08T19:43:32.522+0300] GC(21) Pause Young (Normal) (G1 Evacuation Pause) 179M->40M(248M) 1,527ms
[2024-11-08T19:43:33.028+0300] GC(22) Pause Young (Normal) (G1 Evacuation Pause) 186M->36M(248M) 1,406ms
[2024-11-08T19:43:33.447+0300] GC(23) Pause Young (Normal) (G1 Evacuation Pause) 180M->40M(248M) 1,683ms
[2024-11-08T19:43:33.969+0300] GC(24) Pause Young (Normal) (G1 Evacuation Pause) 185M->36M(248M) 1,112ms
[2024-11-08T19:43:34.363+0300] GC(25) Pause Young (Normal) (G1 Evacuation Pause) 180M->39M(248M) 1,231ms
[2024-11-08T19:43:34.881+0300] GC(26) Pause Young (Normal) (G1 Evacuation Pause) 187M->36M(248M) 1,410ms
[2024-11-08T19:43:35.351+0300] GC(27) Pause Young (Normal) (G1 Evacuation Pause) 186M->38M(248M) 1,655ms
[2024-11-08T19:43:35.745+0300] GC(28) Pause Young (Normal) (G1 Evacuation Pause) 180M->36M(248M) 1,161ms
[2024-11-08T19:43:36.229+0300] GC(29) Pause Young (Normal) (G1 Evacuation Pause) 186M->36M(248M) 1,393ms
[2024-11-08T19:43:36.608+0300] GC(30) Pause Young (Normal) (G1 Evacuation Pause) 180M->38M(248M) 1,186ms
[2024-11-08T19:43:37.109+0300] GC(31) Pause Young (Normal) (G1 Evacuation Pause) 185M->36M(248M) 1,591ms
[2024-11-08T19:43:37.577+0300] GC(32) Pause Young (Normal) (G1 Evacuation Pause) 186M->39M(248M) 1,564ms
[2024-11-08T19:43:37.994+0300] GC(33) Pause Young (Normal) (G1 Evacuation Pause) 181M->36M(248M) 1,327ms
[2024-11-08T19:43:38.459+0300] GC(34) Pause Young (Normal) (G1 Evacuation Pause) 186M->40M(248M) 1,484ms
[2024-11-08T19:43:38.853+0300] GC(35) Pause Young (Normal) (G1 Evacuation Pause) 179M->36M(248M) 1,443ms
[2024-11-08T19:43:39.316+0300] GC(36) Pause Young (Normal) (G1 Evacuation Pause) 186M->39M(248M) 1,921ms
[2024-11-08T19:43:39.805+0300] GC(37) Pause Young (Normal) (G1 Evacuation Pause) 187M->37M(248M) 2,212ms
[2024-11-08T19:43:40.244+0300] GC(38) Pause Young (Normal) (G1 Evacuation Pause) 181M->41M(248M) 2,047ms
[2024-11-08T19:43:40.721+0300] GC(39) Pause Young (Normal) (G1 Evacuation Pause) 186M->36M(248M) 1,096ms
[2024-11-08T19:43:41.115+0300] GC(40) Pause Young (Normal) (G1 Evacuation Pause) 180M->40M(248M) 1,750ms
[2024-11-08T19:43:41.589+0300] GC(41) Pause Young (Normal) (G1 Evacuation Pause) 186M->37M(248M) 0,966ms
[2024-11-08T19:43:41.975+0300] GC(42) Pause Young (Normal) (G1 Evacuation Pause) 181M->39M(248M) 1,628ms
[2024-11-08T19:43:42.460+0300] GC(43) Pause Young (Normal) (G1 Evacuation Pause) 186M->37M(248M) 1,328ms
[2024-11-08T19:43:42.918+0300] GC(44) Pause Young (Normal) (G1 Evacuation Pause) 187M->39M(248M) 1,449ms
[2024-11-08T19:43:43.341+0300] GC(45) Pause Young (Normal) (G1 Evacuation Pause) 180M->37M(248M) 1,289ms
[2024-11-08T19:43:43.842+0300] GC(46) Pause Young (Normal) (G1 Evacuation Pause) 187M->39M(248M) 1,212ms
[2024-11-08T19:43:44.234+0300] GC(47) Pause Young (Normal) (G1 Evacuation Pause) 181M->36M(248M) 1,232ms
[2024-11-08T19:43:44.748+0300] GC(48) Pause Young (Normal) (G1 Evacuation Pause) 186M->40M(248M) 1,280ms
[2024-11-08T19:43:45.222+0300] GC(49) Pause Young (Normal) (G1 Evacuation Pause) 186M->40M(248M) 1,530ms
[2024-11-08T19:43:45.617+0300] GC(50) Pause Young (Normal) (G1 Evacuation Pause) 180M->37M(248M) 1,207ms
[2024-11-08T19:43:46.118+0300] GC(51) Pause Young (Normal) (G1 Evacuation Pause) 187M->37M(248M) 1,398ms
[2024-11-08T19:43:46.495+0300] GC(52) Pause Young (Normal) (G1 Evacuation Pause) 181M->39M(248M) 1,290ms
[2024-11-08T19:43:47.034+0300] GC(53) Pause Young (Normal) (G1 Evacuation Pause) 187M->37M(248M) 1,577ms
[2024-11-08T19:43:47.464+0300] GC(54) Pause Young (Normal) (G1 Evacuation Pause) 181M->41M(248M) 1,134ms
[2024-11-08T19:43:47.924+0300] GC(55) Pause Young (Normal) (G1 Evacuation Pause) 186M->37M(248M) 1,333ms
[2024-11-08T19:43:48.395+0300] GC(56) Pause Young (Normal) (G1 Evacuation Pause) 187M->38M(248M) 1,477ms
[2024-11-08T19:43:48.826+0300] GC(57) Pause Young (Normal) (G1 Evacuation Pause) 182M->37M(248M) 1,265ms
[2024-11-08T19:43:49.296+0300] GC(58) Pause Young (Normal) (G1 Evacuation Pause) 187M->41M(248M) 1,671ms
[2024-11-08T19:43:49.689+0300] GC(59) Pause Young (Normal) (G1 Evacuation Pause) 181M->37M(248M) 1,844ms
[2024-11-08T19:43:50.177+0300] GC(60) Pause Young (Normal) (G1 Evacuation Pause) 187M->41M(248M) 1,765ms
[2024-11-08T19:43:50.617+0300] GC(61) Pause Young (Normal) (G1 Evacuation Pause) 187M->41M(248M) 1,490ms
[2024-11-08T19:43:51.029+0300] GC(62) Pause Young (Normal) (G1 Evacuation Pause) 181M->37M(248M) 1,534ms
[2024-11-08T19:43:51.539+0300] GC(63) Pause Young (Normal) (G1 Evacuation Pause) 187M->39M(248M) 1,739ms
[2024-11-08T19:43:51.997+0300] GC(64) Pause Young (Normal) (G1 Evacuation Pause) 181M->37M(248M) 1,426ms
[2024-11-08T19:43:52.485+0300] GC(65) Pause Young (Normal) (G1 Evacuation Pause) 187M->42M(248M) 2,550ms
[2024-11-08T19:43:52.875+0300] GC(66) Pause Young (Normal) (G1 Evacuation Pause) 182M->38M(248M) 1,254ms
[2024-11-08T19:43:53.387+0300] GC(67) Pause Young (Normal) (G1 Evacuation Pause) 188M->41M(248M) 1,441ms
[2024-11-08T19:43:53.828+0300] GC(68) Pause Young (Normal) (G1 Evacuation Pause) 181M->37M(248M) 1,094ms
[2024-11-08T19:43:54.220+0300] GC(69) Pause Young (Normal) (G1 Evacuation Pause) 183M->37M(248M) 1,412ms
[2024-11-08T19:43:54.698+0300] GC(70) Pause Young (Normal) (G1 Evacuation Pause) 187M->42M(248M) 1,891ms
[2024-11-08T19:43:55.075+0300] GC(71) Pause Young (Normal) (G1 Evacuation Pause) 181M->38M(248M) 1,206ms
[2024-11-08T19:43:55.527+0300] GC(72) Pause Young (Normal) (G1 Evacuation Pause) 188M->40M(248M) 1,462ms
[2024-11-08T19:43:55.919+0300] GC(73) Pause Young (Normal) (G1 Evacuation Pause) 182M->38M(248M) 1,469ms
[2024-11-08T19:43:56.388+0300] GC(74) Pause Young (Normal) (G1 Evacuation Pause) 188M->41M(248M) 1,561ms
[2024-11-08T19:43:56.842+0300] GC(75) Pause Young (Normal) (G1 Evacuation Pause) 181M->38M(248M) 1,002ms
[2024-11-08T19:43:57.237+0300] GC(76) Pause Young (Normal) (G1 Evacuation Pause) 184M->38M(248M) 1,105ms
[2024-11-08T19:43:57.713+0300] GC(77) Pause Young (Normal) (G1 Evacuation Pause) 188M->39M(248M) 1,102ms
[2024-11-08T19:43:58.092+0300] GC(78) Pause Young (Normal) (G1 Evacuation Pause) 183M->40M(248M) 1,118ms
[2024-11-08T19:43:58.551+0300] GC(79) Pause Young (Normal) (G1 Evacuation Pause) 188M->38M(248M) 0,924ms
[2024-11-08T19:43:58.962+0300] GC(80) Pause Young (Normal) (G1 Evacuation Pause) 182M->41M(248M) 1,487ms
[2024-11-08T19:43:59.426+0300] GC(81) Pause Young (Normal) (G1 Evacuation Pause) 189M->38M(248M) 1,058ms
[2024-11-08T19:43:59.894+0300] GC(82) Pause Young (Normal) (G1 Evacuation Pause) 188M->41M(248M) 1,525ms
[2024-11-08T19:44:00.257+0300] GC(83) Pause Young (Normal) (G1 Evacuation Pause) 183M->38M(248M) 0,990ms
[2024-11-08T19:44:00.747+0300] GC(84) Pause Young (Normal) (G1 Evacuation Pause) 188M->40M(248M) 1,636ms
[2024-11-08T19:44:01.135+0300] GC(85) Pause Young (Normal) (G1 Evacuation Pause) 182M->38M(248M) 1,580ms
[2024-11-08T19:44:01.656+0300] GC(86) Pause Young (Normal) (G1 Evacuation Pause) 188M->40M(248M) 1,228ms
[2024-11-08T19:44:02.143+0300] GC(87) Pause Young (Normal) (G1 Evacuation Pause) 188M->39M(248M) 1,615ms
[2024-11-08T19:44:02.526+0300] GC(88) Pause Young (Normal) (G1 Evacuation Pause) 183M->42M(248M) 1,983ms
[2024-11-08T19:44:03.018+0300] GC(89) Pause Young (Normal) (G1 Evacuation Pause) 187M->38M(248M) 1,038ms
[2024-11-08T19:44:03.382+0300] GC(90) Pause Young (Normal) (G1 Evacuation Pause) 182M->39M(248M) 1,380ms
[2024-11-08T19:44:03.895+0300] GC(91) Pause Young (Normal) (G1 Evacuation Pause) 189M->39M(248M) 1,173ms
